<?xml version="1.0"?>
<xml>
  <interconnect>
    <direct input="SB_FF.D" name="VPR_FF-D" output="VPR_FF.D">
      <pack_pattern in_port="SB_FF.D" name="A" out_port="VPR_FF.D"/>
    </direct>
    <direct input="LUTFF.FCIN" name="SB_CARRY-CI" output="SB_CARRY.CI">
      <pack_pattern in_port="LUTFF.FCIN" name="CARRYCHAIN" out_port="SB_CARRY.CI"/>
    </direct>
  </interconnect>
</xml>
